
> btn@1.0.0 build:dev D:\project\git\btn
> webpack --mode=development -p --progress

Hash: ce45b94072bd0e7ef23b
Version: webpack 4.39.3
Child
    Hash: ce45b94072bd0e7ef23b
    Time: 1245ms
    Built at: 09/12/2019 1:48:02 PM
     Asset      Size  Chunks             Chunk Names
    app.js  3.01 MiB    main  [emitted]  main
    Entrypoint main = app.js
    [./assets/js/app.js] 1.1 KiB {main} [built]
    [./assets/lib/bootstrap/js/bootstrap.bundle.min.js] 76.8 KiB {main} [built]
    [./assets/lib/chart.js/Chart.bundle.min.js] 205 KiB {main} [built]
    [./assets/lib/dashforge/js/dashforge.sampledata.js] 17.7 KiB {main} [built]
    [./assets/lib/datatables.net-dt/js/dataTables.dataTables.min.js] 433 bytes {main} [built]
    [./assets/lib/datatables.net-responsive-dt/js/responsive.dataTables.min.js] 547 bytes {main} [built]
    [./assets/lib/datatables.net-responsive/js/dataTables.responsive.min.js] 12.7 KiB {main} [built]
    [./assets/lib/datatables.net/js/jquery.dataTables.min.js] 80.5 KiB {main} [built]
    [./assets/lib/feather-icons/feather.min.js] 64.4 KiB {main} [built]
    [./assets/lib/jquery.flot/jquery.flot.js] 120 KiB {main} [built]
    [./assets/lib/jquery.flot/jquery.flot.resize.js] 3.24 KiB {main} [built]
    [./assets/lib/jquery.flot/jquery.flot.stack.js] 6.92 KiB {main} [built]
    [./assets/lib/jquery/jquery.min.js] 84.9 KiB {main} [built]
    [./assets/lib/perfect-scrollbar/perfect-scrollbar.min.js] 17.9 KiB {main} [built]
    [./node_modules/webpack/buildin/global.js] (webpack)/buildin/global.js 472 bytes {main} [built]
        + 8 hidden modules
    
    ERROR in ./assets/lib/datatables.net-responsive-dt/js/responsive.dataTables.min.js
    Module not found: Error: Can't resolve 'datatables.net-responsive' in 'D:\project\git\btn\assets\lib\datatables.net-responsive-dt\js'
     @ ./assets/lib/datatables.net-responsive-dt/js/responsive.dataTables.min.js 5:52-159
     @ ./assets/js/app.js
